
======================================================================
  MADQC RESULTS SUMMARY
======================================================================

  Task 0 : SCF  (model = scf)
  ----------------------------------------------------------------------
    Molecule         : H2O
    Total energy     :      -76.067712858 Ha       -2069.9079 eV
    Orbital eps (a)  : -20.5544 -0.9911 -0.9911 -0.6996 -0.5114  (Ha)
    Converged        :  thresh = 0.0001  dconv = 0.0001
    Wall time        :  0.0 s   (1 MPI x 1 threads)

  Task 1 : RESPONSE
  ----------------------------------------------------------------------
    alpha[1e-04_k6](w=0.000)
      x :      7.828627     -0.000000     -0.000055
      y :      0.000000      8.874470      0.000004
      z :     -0.000054      0.000004      8.293981
    raman[1e-04_k6](x,dipole_x,nuc_0_z; wB=0.000,wC=0.000) =       1.240371
    raman[1e-04_k6](y,dipole_x,nuc_0_z; wB=0.000,wC=0.000) =       0.000000
    raman[1e-04_k6](z,dipole_x,nuc_0_z; wB=0.000,wC=0.000) =       0.000337
    raman[1e-04_k6](x,dipole_y,nuc_0_z; wB=0.000,wC=0.000) =      -0.000001
    raman[1e-04_k6](y,dipole_y,nuc_0_z; wB=0.000,wC=0.000) =       5.251034
    raman[1e-04_k6](z,dipole_y,nuc_0_z; wB=0.000,wC=0.000) =       0.000004
    raman[1e-04_k6](x,dipole_z,nuc_0_z; wB=0.000,wC=0.000) =       0.000182
    raman[1e-04_k6](y,dipole_z,nuc_0_z; wB=0.000,wC=0.000) =       0.000004
    raman[1e-04_k6](z,dipole_z,nuc_0_z; wB=0.000,wC=0.000) =       4.351908

======================================================================

