
======================================================================
  MADQC RESULTS SUMMARY
======================================================================

  Task 0 : SCF  (model = scf)
  ----------------------------------------------------------------------
    Total energy     :       -2.861679440 Ha         -77.8703 eV
    Dipole (a.u.)    :  x +0.000000  y -0.000000  z +0.000000
                     : |mu| = 0.000000 a.u. = 0.000000 Debye
    Nuclear gradient :  max |g| = 1.96e-14   rms = 1.27e-14 Ha/bohr
    Orbital eps (a)  : -0.9180  (Ha)
    Converged        :  thresh = 1e-05  dconv = 0.001
    Wall time        :  0.0 s   (1 MPI x 1 threads)

  Task 1 : CORRELATION  (model = cc2)
  ----------------------------------------------------------------------
    Correlation energy :       -0.037293633 Ha
    Total energy (cc2) :       -2.898973072 Ha
    Root  Irrep        E (Ha)      E (eV)   lambda(nm)    f(length)
       1             0.765071     20.8186       59.55     0.000000

  Task 2 : CORRELATION  (model = mp2)
  ----------------------------------------------------------------------
    Correlation energy :       -0.037369194 Ha
    Total energy (mp2) :       -2.899048633 Ha

======================================================================

